0 verbose cli /usr/bin/node /usr/lib/node_modules/npm/bin/npm-cli.js
1 info using npm@9.6.6
2 info using node@v14.21.3
3 timing npm:load:whichnode Completed in 42ms
4 timing config:load:defaults Completed in 56ms
5 timing config:load:file:/usr/lib/node_modules/npm/npmrc Completed in 45ms
6 timing config:load:builtin Completed in 48ms
7 timing config:load:cli Completed in 90ms
8 timing config:load:env Completed in 6ms
9 timing config:load:project Completed in 21ms
10 timing config:load:file:/root/.npmrc Completed in 4ms
11 timing config:load:user Completed in 5ms
12 timing config:load:file:/etc/npmrc Completed in 1ms
13 timing config:load:global Completed in 3ms
14 timing config:load:setEnvs Completed in 33ms
15 timing config:load Completed in 274ms
16 timing npm:load:configload Completed in 279ms
17 timing npm:load:mkdirpcache Completed in 4ms
18 timing npm:load:mkdirplogs Completed in 3ms
19 verbose title npm exec ts-node src/routes/terminal.ts
20 verbose argv "exec" "--" "ts-node" "src/routes/terminal.ts"
21 timing npm:load:setTitle Completed in 52ms
22 timing config:load:flatten Completed in 88ms
23 timing npm:load:display Completed in 115ms
24 verbose logfile logs-max:10 dir:/root/.npm/_logs/2026-07-09T22_02_12_110Z-
25 verbose logfile /root/.npm/_logs/2026-07-09T22_02_12_110Z-debug-0.log
26 timing npm:load:logFile Completed in 316ms
27 timing npm:load:timers Completed in 1ms
28 timing npm:load:configScope Completed in 1ms
29 timing npm:load Completed in 830ms
30 silly logfile done cleaning log files
31 timing command:exec Completed in 3962ms
32 verbose exit 1
33 timing npm Completed in 10795ms
34 verbose code 1
